 [1;32m*[0m Running uefi-mkconfig...
 [1;32m*[0m Running in Dry Run mode!
 [1;32m*[0m Using kernel commands from "/etc/default/uefi-mkconfig"
 [1;32m*[0m Creating UEFI entry "0200" for "/boot1/EFI/shimtest/vmlinuz-6.11.7-gentoo-dist.efi" using shim "/boot1/EFI/shimtest/shimx64.efi" found on "sda1"
 [1;32m*[0m Creating UEFI entry "01FF" for "/boot1/EFI/Gentoo/vmlinuz-6.11.7-gentoo-dist.efi" found on "sda1"
 [1;33m*[0m No initramfs found for "/boot2/EFI/shimtest/vmlinuz-6.11.7-gentoo-dist.efi".
 [1;32m*[0m Creating UEFI entry "01FE" for "/boot2/EFI/shimtest/vmlinuz-6.11.7-gentoo-dist.efi" using shim "/boot2/EFI/shimtest/shimx64.efi" found on "nvme0n1p2"
 [1;32m*[0m Creating UEFI entry "01FD" for "/boot2/EFI/Gentoo/vmlinuz-6.11.7-gentoo-dist.efi" found on "nvme0n1p2"
 [1;32m*[0m Done
0
